
> @minimal-kit/cra-js@5.6.0 start
> set PORT=3006 && react-scripts start

Starting the development server...

Compiled with warnings.

Failed to parse source map from 'C:\Users\ASUS\Desktop\hakeemna\hakeemna-frontend\node_modules\stylis-plugin-rtl\src\stylis-rtl.ts' file: Error: ENOENT: no such file or directory, open 'C:\Users\ASUS\Desktop\hakeemna\hakeemna-frontend\node_modules\stylis-plugin-rtl\src\stylis-rtl.ts'

[eslint] 
src\sections\unit-service\accounting\claim\patientPage.jsx
  Line 24:1:  Missed spacing between "src/utils/axios" and "../../../../locales" imports  perfectionist/sort-imports

Search for the keywords to learn more about each warning.
To ignore, add // eslint-disable-next-line to the line before.

[1m[33mWARNING[39m[22m in [1m./node_modules/stylis-plugin-rtl/dist/stylis-rtl.js[39m[22m
[1mModule Warning (from ./node_modules/source-map-loader/dist/cjs.js):
[1m[31mFailed[39m[22m[1m to parse source map from 'C:\Users\ASUS\Desktop\hakeemna\hakeemna-frontend\node_modules\stylis-plugin-rtl\src\stylis-rtl.ts' file: [1m[31mError[39m[22m[1m: ENOENT: no such file or directory, open 'C:\Users\ASUS\Desktop\hakeemna\hakeemna-frontend\node_modules\stylis-plugin-rtl\src\stylis-rtl.ts'[39m[22m

[1m[33mWARNING[39m[22m in [1m[eslint] 
src\sections\unit-service\accounting\claim\patientPage.jsx
  Line 24:1:  Missed spacing between "src/utils/axios" and "../../../../locales" imports  perfectionist/sort-imports

[39m[22m

webpack compiled with [1m[33m2 warnings[39m[22m
Compiling...
Compiled with warnings.

Failed to parse source map from 'C:\Users\ASUS\Desktop\hakeemna\hakeemna-frontend\node_modules\stylis-plugin-rtl\src\stylis-rtl.ts' file: Error: ENOENT: no such file or directory, open 'C:\Users\ASUS\Desktop\hakeemna\hakeemna-frontend\node_modules\stylis-plugin-rtl\src\stylis-rtl.ts'

[eslint] 
src\sections\unit-service\accounting\claim\patientPage.jsx
  Line 24:1:  Missed spacing between "src/utils/axios" and "../../../../locales" imports  perfectionist/sort-imports

Search for the keywords to learn more about each warning.
To ignore, add // eslint-disable-next-line to the line before.

[1m[33mWARNING[39m[22m in [1m./node_modules/stylis-plugin-rtl/dist/stylis-rtl.js[39m[22m
[1mModule Warning (from ./node_modules/source-map-loader/dist/cjs.js):
[1m[31mFailed[39m[22m[1m to parse source map from 'C:\Users\ASUS\Desktop\hakeemna\hakeemna-frontend\node_modules\stylis-plugin-rtl\src\stylis-rtl.ts' file: [1m[31mError[39m[22m[1m: ENOENT: no such file or directory, open 'C:\Users\ASUS\Desktop\hakeemna\hakeemna-frontend\node_modules\stylis-plugin-rtl\src\stylis-rtl.ts'[39m[22m

[1m[33mWARNING[39m[22m in [1m[eslint] 
src\sections\unit-service\accounting\claim\patientPage.jsx
  Line 24:1:  Missed spacing between "src/utils/axios" and "../../../../locales" imports  perfectionist/sort-imports

[39m[22m

webpack compiled with [1m[33m2 warnings[39m[22m
Compiling...
Compiled with warnings.

Failed to parse source map from 'C:\Users\ASUS\Desktop\hakeemna\hakeemna-frontend\node_modules\stylis-plugin-rtl\src\stylis-rtl.ts' file: Error: ENOENT: no such file or directory, open 'C:\Users\ASUS\Desktop\hakeemna\hakeemna-frontend\node_modules\stylis-plugin-rtl\src\stylis-rtl.ts'

[eslint] 
src\sections\unit-service\accounting\claim\patientPage.jsx
  Line 2:21:  'useLocation' is defined but never used                                     no-unused-vars
  Line 2:21:  'useLocation' is defined but never used                                     unused-imports/no-unused-imports
  Line 24:1:  Missed spacing between "src/utils/axios" and "../../../../locales" imports  perfectionist/sort-imports

Search for the keywords to learn more about each warning.
To ignore, add // eslint-disable-next-line to the line before.

[1m[33mWARNING[39m[22m in [1m./node_modules/stylis-plugin-rtl/dist/stylis-rtl.js[39m[22m
[1mModule Warning (from ./node_modules/source-map-loader/dist/cjs.js):
[1m[31mFailed[39m[22m[1m to parse source map from 'C:\Users\ASUS\Desktop\hakeemna\hakeemna-frontend\node_modules\stylis-plugin-rtl\src\stylis-rtl.ts' file: [1m[31mError[39m[22m[1m: ENOENT: no such file or directory, open 'C:\Users\ASUS\Desktop\hakeemna\hakeemna-frontend\node_modules\stylis-plugin-rtl\src\stylis-rtl.ts'[39m[22m

[1m[33mWARNING[39m[22m in [1m[eslint] 
src\sections\unit-service\accounting\claim\patientPage.jsx
  Line 2:21:  'useLocation' is defined but never used                                     no-unused-vars
  Line 2:21:  'useLocation' is defined but never used                                     unused-imports/no-unused-imports
  Line 24:1:  Missed spacing between "src/utils/axios" and "../../../../locales" imports  perfectionist/sort-imports

[39m[22m

webpack compiled with [1m[33m2 warnings[39m[22m
Compiling...
Compiled with warnings.

Failed to parse source map from 'C:\Users\ASUS\Desktop\hakeemna\hakeemna-frontend\node_modules\stylis-plugin-rtl\src\stylis-rtl.ts' file: Error: ENOENT: no such file or directory, open 'C:\Users\ASUS\Desktop\hakeemna\hakeemna-frontend\node_modules\stylis-plugin-rtl\src\stylis-rtl.ts'

[eslint] 
src\sections\unit-service\accounting\claim\patientPage.jsx
  Line 24:1:  Missed spacing between "src/utils/axios" and "../../../../locales" imports  perfectionist/sort-imports
  Line 57:9:  'location' is assigned a value but never used                               no-unused-vars

Search for the keywords to learn more about each warning.
To ignore, add // eslint-disable-next-line to the line before.

[1m[33mWARNING[39m[22m in [1m./node_modules/stylis-plugin-rtl/dist/stylis-rtl.js[39m[22m
[1mModule Warning (from ./node_modules/source-map-loader/dist/cjs.js):
[1m[31mFailed[39m[22m[1m to parse source map from 'C:\Users\ASUS\Desktop\hakeemna\hakeemna-frontend\node_modules\stylis-plugin-rtl\src\stylis-rtl.ts' file: [1m[31mError[39m[22m[1m: ENOENT: no such file or directory, open 'C:\Users\ASUS\Desktop\hakeemna\hakeemna-frontend\node_modules\stylis-plugin-rtl\src\stylis-rtl.ts'[39m[22m

[1m[33mWARNING[39m[22m in [1m[eslint] 
src\sections\unit-service\accounting\claim\patientPage.jsx
  Line 24:1:  Missed spacing between "src/utils/axios" and "../../../../locales" imports  perfectionist/sort-imports
  Line 57:9:  'location' is assigned a value but never used                               no-unused-vars

[39m[22m

webpack compiled with [1m[33m2 warnings[39m[22m
Compiling...
Compiled with warnings.

Failed to parse source map from 'C:\Users\ASUS\Desktop\hakeemna\hakeemna-frontend\node_modules\stylis-plugin-rtl\src\stylis-rtl.ts' file: Error: ENOENT: no such file or directory, open 'C:\Users\ASUS\Desktop\hakeemna\hakeemna-frontend\node_modules\stylis-plugin-rtl\src\stylis-rtl.ts'

[eslint] 
src\sections\unit-service\accounting\claim\patientPage.jsx
  Line 24:1:  Missed spacing between "src/utils/axios" and "../../../../locales" imports  perfectionist/sort-imports

Search for the keywords to learn more about each warning.
To ignore, add // eslint-disable-next-line to the line before.

[1m[33mWARNING[39m[22m in [1m./node_modules/stylis-plugin-rtl/dist/stylis-rtl.js[39m[22m
[1mModule Warning (from ./node_modules/source-map-loader/dist/cjs.js):
[1m[31mFailed[39m[22m[1m to parse source map from 'C:\Users\ASUS\Desktop\hakeemna\hakeemna-frontend\node_modules\stylis-plugin-rtl\src\stylis-rtl.ts' file: [1m[31mError[39m[22m[1m: ENOENT: no such file or directory, open 'C:\Users\ASUS\Desktop\hakeemna\hakeemna-frontend\node_modules\stylis-plugin-rtl\src\stylis-rtl.ts'[39m[22m

[1m[33mWARNING[39m[22m in [1m[eslint] 
src\sections\unit-service\accounting\claim\patientPage.jsx
  Line 24:1:  Missed spacing between "src/utils/axios" and "../../../../locales" imports  perfectionist/sort-imports

[39m[22m

webpack compiled with [1m[33m2 warnings[39m[22m
Compiling...
Compiled with warnings.

Failed to parse source map from 'C:\Users\ASUS\Desktop\hakeemna\hakeemna-frontend\node_modules\stylis-plugin-rtl\src\stylis-rtl.ts' file: Error: ENOENT: no such file or directory, open 'C:\Users\ASUS\Desktop\hakeemna\hakeemna-frontend\node_modules\stylis-plugin-rtl\src\stylis-rtl.ts'

[eslint] 
src\sections\unit-service\accounting\claim\companyPage.jsx
  Line 76:10:  'idPayer' is assigned a value but never used     no-unused-vars
  Line 76:19:  'setIdPayer' is assigned a value but never used  no-unused-vars

src\sections\unit-service\accounting\claim\patientPage.jsx
  Line 24:1:  Missed spacing between "src/utils/axios" and "../../../../locales" imports  perfectionist/sort-imports

Search for the keywords to learn more about each warning.
To ignore, add // eslint-disable-next-line to the line before.

[1m[33mWARNING[39m[22m in [1m./node_modules/stylis-plugin-rtl/dist/stylis-rtl.js[39m[22m
[1mModule Warning (from ./node_modules/source-map-loader/dist/cjs.js):
[1m[31mFailed[39m[22m[1m to parse source map from 'C:\Users\ASUS\Desktop\hakeemna\hakeemna-frontend\node_modules\stylis-plugin-rtl\src\stylis-rtl.ts' file: [1m[31mError[39m[22m[1m: ENOENT: no such file or directory, open 'C:\Users\ASUS\Desktop\hakeemna\hakeemna-frontend\node_modules\stylis-plugin-rtl\src\stylis-rtl.ts'[39m[22m

[1m[33mWARNING[39m[22m in [1m[eslint] 
src\sections\unit-service\accounting\claim\companyPage.jsx
  Line 76:10:  'idPayer' is assigned a value but never used     no-unused-vars
  Line 76:19:  'setIdPayer' is assigned a value but never used  no-unused-vars

src\sections\unit-service\accounting\claim\patientPage.jsx
  Line 24:1:  Missed spacing between "src/utils/axios" and "../../../../locales" imports  perfectionist/sort-imports

[39m[22m

webpack compiled with [1m[33m2 warnings[39m[22m
Compiling...
Compiled with warnings.

Failed to parse source map from 'C:\Users\ASUS\Desktop\hakeemna\hakeemna-frontend\node_modules\stylis-plugin-rtl\src\stylis-rtl.ts' file: Error: ENOENT: no such file or directory, open 'C:\Users\ASUS\Desktop\hakeemna\hakeemna-frontend\node_modules\stylis-plugin-rtl\src\stylis-rtl.ts'

[eslint] 
src\sections\unit-service\accounting\claim\companyPage.jsx
  Line 76:10:  'idPayer' is assigned a value but never used  no-unused-vars

src\sections\unit-service\accounting\claim\patientPage.jsx
  Line 24:1:  Missed spacing between "src/utils/axios" and "../../../../locales" imports  perfectionist/sort-imports

Search for the keywords to learn more about each warning.
To ignore, add // eslint-disable-next-line to the line before.

[1m[33mWARNING[39m[22m in [1m./node_modules/stylis-plugin-rtl/dist/stylis-rtl.js[39m[22m
[1mModule Warning (from ./node_modules/source-map-loader/dist/cjs.js):
[1m[31mFailed[39m[22m[1m to parse source map from 'C:\Users\ASUS\Desktop\hakeemna\hakeemna-frontend\node_modules\stylis-plugin-rtl\src\stylis-rtl.ts' file: [1m[31mError[39m[22m[1m: ENOENT: no such file or directory, open 'C:\Users\ASUS\Desktop\hakeemna\hakeemna-frontend\node_modules\stylis-plugin-rtl\src\stylis-rtl.ts'[39m[22m

[1m[33mWARNING[39m[22m in [1m[eslint] 
src\sections\unit-service\accounting\claim\companyPage.jsx
  Line 76:10:  'idPayer' is assigned a value but never used  no-unused-vars

src\sections\unit-service\accounting\claim\patientPage.jsx
  Line 24:1:  Missed spacing between "src/utils/axios" and "../../../../locales" imports  perfectionist/sort-imports

[39m[22m

webpack compiled with [1m[33m2 warnings[39m[22m
Compiling...
Compiled with warnings.

Failed to parse source map from 'C:\Users\ASUS\Desktop\hakeemna\hakeemna-frontend\node_modules\stylis-plugin-rtl\src\stylis-rtl.ts' file: Error: ENOENT: no such file or directory, open 'C:\Users\ASUS\Desktop\hakeemna\hakeemna-frontend\node_modules\stylis-plugin-rtl\src\stylis-rtl.ts'

[eslint] 
src\sections\unit-service\accounting\claim\companyPage.jsx
  Line 76:10:  'idPayer' is assigned a value but never used  no-unused-vars

src\sections\unit-service\accounting\claim\patientPage.jsx
  Line 24:1:  Missed spacing between "src/utils/axios" and "../../../../locales" imports  perfectionist/sort-imports

Search for the keywords to learn more about each warning.
To ignore, add // eslint-disable-next-line to the line before.

[1m[33mWARNING[39m[22m in [1m./node_modules/stylis-plugin-rtl/dist/stylis-rtl.js[39m[22m
[1mModule Warning (from ./node_modules/source-map-loader/dist/cjs.js):
[1m[31mFailed[39m[22m[1m to parse source map from 'C:\Users\ASUS\Desktop\hakeemna\hakeemna-frontend\node_modules\stylis-plugin-rtl\src\stylis-rtl.ts' file: [1m[31mError[39m[22m[1m: ENOENT: no such file or directory, open 'C:\Users\ASUS\Desktop\hakeemna\hakeemna-frontend\node_modules\stylis-plugin-rtl\src\stylis-rtl.ts'[39m[22m

[1m[33mWARNING[39m[22m in [1m[eslint] 
src\sections\unit-service\accounting\claim\companyPage.jsx
  Line 76:10:  'idPayer' is assigned a value but never used  no-unused-vars

src\sections\unit-service\accounting\claim\patientPage.jsx
  Line 24:1:  Missed spacing between "src/utils/axios" and "../../../../locales" imports  perfectionist/sort-imports

[39m[22m

webpack compiled with [1m[33m2 warnings[39m[22m
Compiling...
Compiled with warnings.

Failed to parse source map from 'C:\Users\ASUS\Desktop\hakeemna\hakeemna-frontend\node_modules\stylis-plugin-rtl\src\stylis-rtl.ts' file: Error: ENOENT: no such file or directory, open 'C:\Users\ASUS\Desktop\hakeemna\hakeemna-frontend\node_modules\stylis-plugin-rtl\src\stylis-rtl.ts'

[eslint] 
src\sections\unit-service\accounting\claim\companyPage.jsx
  Line 76:10:  'idPayer' is assigned a value but never used  no-unused-vars

src\sections\unit-service\accounting\claim\patientPage.jsx
  Line 24:1:  Missed spacing between "src/utils/axios" and "../../../../locales" imports  perfectionist/sort-imports

Search for the keywords to learn more about each warning.
To ignore, add // eslint-disable-next-line to the line before.

[1m[33mWARNING[39m[22m in [1m./node_modules/stylis-plugin-rtl/dist/stylis-rtl.js[39m[22m
[1mModule Warning (from ./node_modules/source-map-loader/dist/cjs.js):
[1m[31mFailed[39m[22m[1m to parse source map from 'C:\Users\ASUS\Desktop\hakeemna\hakeemna-frontend\node_modules\stylis-plugin-rtl\src\stylis-rtl.ts' file: [1m[31mError[39m[22m[1m: ENOENT: no such file or directory, open 'C:\Users\ASUS\Desktop\hakeemna\hakeemna-frontend\node_modules\stylis-plugin-rtl\src\stylis-rtl.ts'[39m[22m

[1m[33mWARNING[39m[22m in [1m[eslint] 
src\sections\unit-service\accounting\claim\companyPage.jsx
  Line 76:10:  'idPayer' is assigned a value but never used  no-unused-vars

src\sections\unit-service\accounting\claim\patientPage.jsx
  Line 24:1:  Missed spacing between "src/utils/axios" and "../../../../locales" imports  perfectionist/sort-imports

[39m[22m

webpack compiled with [1m[33m2 warnings[39m[22m
Compiling...
Compiled with warnings.

Failed to parse source map from 'C:\Users\ASUS\Desktop\hakeemna\hakeemna-frontend\node_modules\stylis-plugin-rtl\src\stylis-rtl.ts' file: Error: ENOENT: no such file or directory, open 'C:\Users\ASUS\Desktop\hakeemna\hakeemna-frontend\node_modules\stylis-plugin-rtl\src\stylis-rtl.ts'

[eslint] 
src\sections\unit-service\accounting\claim\patientPage.jsx
  Line 24:1:  Missed spacing between "src/utils/axios" and "../../../../locales" imports  perfectionist/sort-imports

Search for the keywords to learn more about each warning.
To ignore, add // eslint-disable-next-line to the line before.

[1m[33mWARNING[39m[22m in [1m./node_modules/stylis-plugin-rtl/dist/stylis-rtl.js[39m[22m
[1mModule Warning (from ./node_modules/source-map-loader/dist/cjs.js):
[1m[31mFailed[39m[22m[1m to parse source map from 'C:\Users\ASUS\Desktop\hakeemna\hakeemna-frontend\node_modules\stylis-plugin-rtl\src\stylis-rtl.ts' file: [1m[31mError[39m[22m[1m: ENOENT: no such file or directory, open 'C:\Users\ASUS\Desktop\hakeemna\hakeemna-frontend\node_modules\stylis-plugin-rtl\src\stylis-rtl.ts'[39m[22m

[1m[33mWARNING[39m[22m in [1m[eslint] 
src\sections\unit-service\accounting\claim\patientPage.jsx
  Line 24:1:  Missed spacing between "src/utils/axios" and "../../../../locales" imports  perfectionist/sort-imports

[39m[22m

webpack compiled with [1m[33m2 warnings[39m[22m
Compiling...
Compiled with warnings.

Failed to parse source map from 'C:\Users\ASUS\Desktop\hakeemna\hakeemna-frontend\node_modules\stylis-plugin-rtl\src\stylis-rtl.ts' file: Error: ENOENT: no such file or directory, open 'C:\Users\ASUS\Desktop\hakeemna\hakeemna-frontend\node_modules\stylis-plugin-rtl\src\stylis-rtl.ts'

[eslint] 
src\sections\unit-service\accounting\claim\patientPage.jsx
  Line 24:1:   Missed spacing between "src/utils/axios" and "../../../../locales" imports  perfectionist/sort-imports
  Line 61:10:  'idPayer' is assigned a value but never used                                no-unused-vars
  Line 61:19:  'setIdPayer' is assigned a value but never used                             no-unused-vars

Search for the keywords to learn more about each warning.
To ignore, add // eslint-disable-next-line to the line before.

[1m[33mWARNING[39m[22m in [1m./node_modules/stylis-plugin-rtl/dist/stylis-rtl.js[39m[22m
[1mModule Warning (from ./node_modules/source-map-loader/dist/cjs.js):
[1m[31mFailed[39m[22m[1m to parse source map from 'C:\Users\ASUS\Desktop\hakeemna\hakeemna-frontend\node_modules\stylis-plugin-rtl\src\stylis-rtl.ts' file: [1m[31mError[39m[22m[1m: ENOENT: no such file or directory, open 'C:\Users\ASUS\Desktop\hakeemna\hakeemna-frontend\node_modules\stylis-plugin-rtl\src\stylis-rtl.ts'[39m[22m

[1m[33mWARNING[39m[22m in [1m[eslint] 
src\sections\unit-service\accounting\claim\patientPage.jsx
  Line 24:1:   Missed spacing between "src/utils/axios" and "../../../../locales" imports  perfectionist/sort-imports
  Line 61:10:  'idPayer' is assigned a value but never used                                no-unused-vars
  Line 61:19:  'setIdPayer' is assigned a value but never used                             no-unused-vars

[39m[22m

webpack compiled with [1m[33m2 warnings[39m[22m
Compiling...
Compiled with warnings.

Failed to parse source map from 'C:\Users\ASUS\Desktop\hakeemna\hakeemna-frontend\node_modules\stylis-plugin-rtl\src\stylis-rtl.ts' file: Error: ENOENT: no such file or directory, open 'C:\Users\ASUS\Desktop\hakeemna\hakeemna-frontend\node_modules\stylis-plugin-rtl\src\stylis-rtl.ts'

[eslint] 
src\sections\unit-service\accounting\claim\patientPage.jsx
  Line 24:1:   Missed spacing between "src/utils/axios" and "../../../../locales" imports  perfectionist/sort-imports
  Line 61:10:  'idPayer' is assigned a value but never used                                no-unused-vars

Search for the keywords to learn more about each warning.
To ignore, add // eslint-disable-next-line to the line before.

[1m[33mWARNING[39m[22m in [1m./node_modules/stylis-plugin-rtl/dist/stylis-rtl.js[39m[22m
[1mModule Warning (from ./node_modules/source-map-loader/dist/cjs.js):
[1m[31mFailed[39m[22m[1m to parse source map from 'C:\Users\ASUS\Desktop\hakeemna\hakeemna-frontend\node_modules\stylis-plugin-rtl\src\stylis-rtl.ts' file: [1m[31mError[39m[22m[1m: ENOENT: no such file or directory, open 'C:\Users\ASUS\Desktop\hakeemna\hakeemna-frontend\node_modules\stylis-plugin-rtl\src\stylis-rtl.ts'[39m[22m

[1m[33mWARNING[39m[22m in [1m[eslint] 
src\sections\unit-service\accounting\claim\patientPage.jsx
  Line 24:1:   Missed spacing between "src/utils/axios" and "../../../../locales" imports  perfectionist/sort-imports
  Line 61:10:  'idPayer' is assigned a value but never used                                no-unused-vars

[39m[22m

webpack compiled with [1m[33m2 warnings[39m[22m
Compiling...
Compiled with warnings.

Failed to parse source map from 'C:\Users\ASUS\Desktop\hakeemna\hakeemna-frontend\node_modules\stylis-plugin-rtl\src\stylis-rtl.ts' file: Error: ENOENT: no such file or directory, open 'C:\Users\ASUS\Desktop\hakeemna\hakeemna-frontend\node_modules\stylis-plugin-rtl\src\stylis-rtl.ts'

[eslint] 
src\sections\unit-service\accounting\claim\patientPage.jsx
  Line 24:1:   Missed spacing between "src/utils/axios" and "../../../../locales" imports  perfectionist/sort-imports
  Line 61:10:  'idPayer' is assigned a value but never used                                no-unused-vars

Search for the keywords to learn more about each warning.
To ignore, add // eslint-disable-next-line to the line before.

[1m[33mWARNING[39m[22m in [1m./node_modules/stylis-plugin-rtl/dist/stylis-rtl.js[39m[22m
[1mModule Warning (from ./node_modules/source-map-loader/dist/cjs.js):
[1m[31mFailed[39m[22m[1m to parse source map from 'C:\Users\ASUS\Desktop\hakeemna\hakeemna-frontend\node_modules\stylis-plugin-rtl\src\stylis-rtl.ts' file: [1m[31mError[39m[22m[1m: ENOENT: no such file or directory, open 'C:\Users\ASUS\Desktop\hakeemna\hakeemna-frontend\node_modules\stylis-plugin-rtl\src\stylis-rtl.ts'[39m[22m

[1m[33mWARNING[39m[22m in [1m[eslint] 
src\sections\unit-service\accounting\claim\patientPage.jsx
  Line 24:1:   Missed spacing between "src/utils/axios" and "../../../../locales" imports  perfectionist/sort-imports
  Line 61:10:  'idPayer' is assigned a value but never used                                no-unused-vars

[39m[22m

webpack compiled with [1m[33m2 warnings[39m[22m
Compiling...
Compiled with warnings.

Failed to parse source map from 'C:\Users\ASUS\Desktop\hakeemna\hakeemna-frontend\node_modules\stylis-plugin-rtl\src\stylis-rtl.ts' file: Error: ENOENT: no such file or directory, open 'C:\Users\ASUS\Desktop\hakeemna\hakeemna-frontend\node_modules\stylis-plugin-rtl\src\stylis-rtl.ts'

[eslint] 
src\sections\unit-service\accounting\claim\patientPage.jsx
  Line 24:1:   Missed spacing between "src/utils/axios" and "../../../../locales" imports  perfectionist/sort-imports
  Line 61:10:  'idPayer' is assigned a value but never used                                no-unused-vars

Search for the keywords to learn more about each warning.
To ignore, add // eslint-disable-next-line to the line before.

[1m[33mWARNING[39m[22m in [1m./node_modules/stylis-plugin-rtl/dist/stylis-rtl.js[39m[22m
[1mModule Warning (from ./node_modules/source-map-loader/dist/cjs.js):
[1m[31mFailed[39m[22m[1m to parse source map from 'C:\Users\ASUS\Desktop\hakeemna\hakeemna-frontend\node_modules\stylis-plugin-rtl\src\stylis-rtl.ts' file: [1m[31mError[39m[22m[1m: ENOENT: no such file or directory, open 'C:\Users\ASUS\Desktop\hakeemna\hakeemna-frontend\node_modules\stylis-plugin-rtl\src\stylis-rtl.ts'[39m[22m

[1m[33mWARNING[39m[22m in [1m[eslint] 
src\sections\unit-service\accounting\claim\patientPage.jsx
  Line 24:1:   Missed spacing between "src/utils/axios" and "../../../../locales" imports  perfectionist/sort-imports
  Line 61:10:  'idPayer' is assigned a value but never used                                no-unused-vars

[39m[22m

webpack compiled with [1m[33m2 warnings[39m[22m
Compiling...
